AR dpldrv behavioral E:/VHDL/PROGRAMAS/APRENDIZAJE/__MY__NEXIS2/VGA/VGA16BITS/DISPLAY.vhd sub00/vhpl08 1311251946
EN byte2bcdall NULL E:/VHDL/PROGRAMAS/APRENDIZAJE/__MY__NEXIS2/VGA/VGA16BITS/VHDL/BYTE2BCDALL.vhd sub00/vhpl19 1314152966
EN byte2bcd NULL E:/VHDL/PROGRAMAS/APRENDIZAJE/__MY__NEXIS2/VGA/VGA16BITS/VHDL/BYTE2BCD.vhd sub00/vhpl14 1314152964
AR word2bcd behavioral E:/VHDL/PROGRAMAS/APRENDIZAJE/__MY__NEXIS2/VGA/VGA16BITS/VHDL/WORD2BCD.vhd sub00/vhpl10 1312517681
EN vgadrvr NULL E:/VHDL/PROGRAMAS/APRENDIZAJE/__MY__NEXIS2/VGA/VGA16BITS/VHDL/VGADRVR.vhd sub00/vhpl16 1314152968
EN usbreceiver NULL E:/VHDL/PROGRAMAS/APRENDIZAJE/__MY__NEXIS2/VGA/VGA16BITS/VHDL/USB.vhd sub00/vhpl05 1314152960
PH paquete NULL E:/VHDL/PROGRAMAS/APRENDIZAJE/__MY__NEXIS2/VGA/VGA16BITS/VHDL/PAQUETE.vhd sub00/vhpl00 1314152955
EN vga16bits NULL E:/VHDL/PROGRAMAS/APRENDIZAJE/__MY__NEXIS2/VGA/VGA16BITS/VHDL/VGA16BITS.vhd sub00/vhpl01 1314152970
PH letters NULL E:/VHDL/PROGRAMAS/APRENDIZAJE/__MY__NEXIS2/VGA/VGA16BITS/VHDL/LETTERS.vhd sub00/vhpl11 1314152959
EN dpldrv NULL E:/VHDL/PROGRAMAS/APRENDIZAJE/__MY__NEXIS2/VGA/VGA16BITS/DISPLAY.vhd sub00/vhpl07 1311251945
AR vga16bits behavioral E:/VHDL/PROGRAMAS/APRENDIZAJE/__MY__NEXIS2/VGA/VGA16BITS/VHDL/VGA16BITS.vhd sub00/vhpl02 1314152971
AR usbreceiver behavioral E:/VHDL/PROGRAMAS/APRENDIZAJE/__MY__NEXIS2/VGA/VGA16BITS/VHDL/USB.vhd sub00/vhpl06 1314152961
PB paquete paquete E:/VHDL/PROGRAMAS/APRENDIZAJE/__MY__NEXIS2/VGA/VGA16BITS/VHDL/PAQUETE.vhd sub00/vhpl18 1314152956
EN word2bcd NULL E:/VHDL/PROGRAMAS/APRENDIZAJE/__MY__NEXIS2/VGA/VGA16BITS/VHDL/WORD2BCD.vhd sub00/vhpl09 1312517680
AR vgadrvr behavioral E:/VHDL/PROGRAMAS/APRENDIZAJE/__MY__NEXIS2/VGA/VGA16BITS/VHDL/VGADRVR.vhd sub00/vhpl17 1314152969
EN kbrd_ps2 NULL E:/VHDL/PROGRAMAS/APRENDIZAJE/__MY__NEXIS2/VGA/VGA16BITS/VHDL/KBRD_PS2.vhd sub00/vhpl12 1314152962
AR kbrd_ps2 behavioral E:/VHDL/PROGRAMAS/APRENDIZAJE/__MY__NEXIS2/VGA/VGA16BITS/VHDL/KBRD_PS2.vhd sub00/vhpl13 1314152963
AR clkdllctrl behavioral E:/VHDL/PROGRAMAS/APRENDIZAJE/__MY__NEXIS2/VGA/VGA16BITS/VHDL/CLKDLL.vhd sub00/vhpl04 1314152958
AR byte2bcdall behavioral E:/VHDL/PROGRAMAS/APRENDIZAJE/__MY__NEXIS2/VGA/VGA16BITS/VHDL/BYTE2BCDALL.vhd sub00/vhpl20 1314152967
AR byte2bcd behavioral E:/VHDL/PROGRAMAS/APRENDIZAJE/__MY__NEXIS2/VGA/VGA16BITS/VHDL/BYTE2BCD.vhd sub00/vhpl15 1314152965
EN clkdllctrl NULL E:/VHDL/PROGRAMAS/APRENDIZAJE/__MY__NEXIS2/VGA/VGA16BITS/VHDL/CLKDLL.vhd sub00/vhpl03 1314152957
