V3 56
FL E:/VHDL/PROGRAMAS/APRENDIZAJE/__MY__NEXIS2/VGA/VGA16BITS/BYTE2BCD.vhd 2011/07/21.11:56:50 M.53d
FL E:/VHDL/PROGRAMAS/APRENDIZAJE/__MY__NEXIS2/VGA/VGA16BITS/CLKDLL.vhd 2011/07/20.09:30:06 M.53d
FL E:/VHDL/PROGRAMAS/APRENDIZAJE/__MY__NEXIS2/VGA/VGA16BITS/DISPLAY.vhd 2011/07/16.09:10:46 M.53d
EN work/DPLDRV 1311251945 \
      FL E:/VHDL/PROGRAMAS/APRENDIZAJE/__MY__NEXIS2/VGA/VGA16BITS/DISPLAY.vhd \
      PB ieee/std_logic_1164 1270894585 PB ieee/STD_LOGIC_UNSIGNED 1270894587 \
      PB ieee/std_logic_arith 1270894586
AR work/DPLDRV/BEHAVIORAL 1311251946 \
      FL E:/VHDL/PROGRAMAS/APRENDIZAJE/__MY__NEXIS2/VGA/VGA16BITS/DISPLAY.vhd \
      EN work/DPLDRV 1311251945
FL E:/VHDL/PROGRAMAS/APRENDIZAJE/__MY__NEXIS2/VGA/VGA16BITS/KBRD_PS2.vhd 2011/07/21.05:12:03 M.53d
FL E:/VHDL/PROGRAMAS/APRENDIZAJE/__MY__NEXIS2/VGA/VGA16BITS/LETTERS.vhd 2011/07/21.09:02:24 M.53d
FL E:/VHDL/PROGRAMAS/APRENDIZAJE/__MY__NEXIS2/VGA/VGA16BITS/PAQUETE.vhd 2011/07/21.10:51:55 M.53d
FL E:/VHDL/PROGRAMAS/APRENDIZAJE/__MY__NEXIS2/VGA/VGA16BITS/USB.vhd 2011/07/20.20:52:47 M.53d
FL E:/VHDL/PROGRAMAS/APRENDIZAJE/__MY__NEXIS2/VGA/VGA16BITS/VGA16BITS.vhd 2011/07/21.12:38:21 M.53d
FL E:/VHDL/PROGRAMAS/APRENDIZAJE/__MY__NEXIS2/VGA/VGA16BITS/VHDL/BYTE2BCD.vhd 2011/07/21.11:56:50 M.53d
EN work/BYTE2BCD 1314152964 \
      FL E:/VHDL/PROGRAMAS/APRENDIZAJE/__MY__NEXIS2/VGA/VGA16BITS/VHDL/BYTE2BCD.vhd \
      PB ieee/std_logic_1164 1270894585 PB ieee/STD_LOGIC_UNSIGNED 1270894587 \
      PB ieee/std_logic_arith 1270894586
AR work/BYTE2BCD/BEHAVIORAL 1314152965 \
      FL E:/VHDL/PROGRAMAS/APRENDIZAJE/__MY__NEXIS2/VGA/VGA16BITS/VHDL/BYTE2BCD.vhd \
      EN work/BYTE2BCD 1314152964
FL E:/VHDL/PROGRAMAS/APRENDIZAJE/__MY__NEXIS2/VGA/VGA16BITS/VHDL/BYTE2BCDALL.vhd 2011/08/06.05:20:32 M.53d
EN work/BYTE2BCDALL 1314152966 \
      FL E:/VHDL/PROGRAMAS/APRENDIZAJE/__MY__NEXIS2/VGA/VGA16BITS/VHDL/BYTE2BCDALL.vhd \
      PB ieee/std_logic_1164 1270894585 PB ieee/STD_LOGIC_UNSIGNED 1270894587 \
      PB ieee/std_logic_arith 1270894586
AR work/BYTE2BCDALL/BEHAVIORAL 1314152967 \
      FL E:/VHDL/PROGRAMAS/APRENDIZAJE/__MY__NEXIS2/VGA/VGA16BITS/VHDL/BYTE2BCDALL.vhd \
      EN work/BYTE2BCDALL 1314152966
FL E:/VHDL/PROGRAMAS/APRENDIZAJE/__MY__NEXIS2/VGA/VGA16BITS/VHDL/CLKDLL.vhd 2011/07/20.09:30:06 M.53d
EN work/clkDllCtrl 1314152957 \
      FL E:/VHDL/PROGRAMAS/APRENDIZAJE/__MY__NEXIS2/VGA/VGA16BITS/VHDL/CLKDLL.vhd \
      PB ieee/std_logic_1164 1270894585 PB ieee/std_logic_arith 1270894586 \
      PB ieee/STD_LOGIC_UNSIGNED 1270894587 LB UNISIM PH unisim/VCOMPONENTS 1270894587 \
      PB work/PAQUETE 1314152956
AR work/clkDllCtrl/Behavioral 1314152958 \
      FL E:/VHDL/PROGRAMAS/APRENDIZAJE/__MY__NEXIS2/VGA/VGA16BITS/VHDL/CLKDLL.vhd \
      EN work/clkDllCtrl 1314152957 CP BUFG CP CLKDLL
FL E:/VHDL/PROGRAMAS/APRENDIZAJE/__MY__NEXIS2/VGA/VGA16BITS/VHDL/KBRD_PS2.vhd 2011/08/01.22:37:07 M.53d
EN work/KBRD_PS2 1314152962 \
      FL E:/VHDL/PROGRAMAS/APRENDIZAJE/__MY__NEXIS2/VGA/VGA16BITS/VHDL/KBRD_PS2.vhd \
      PB ieee/std_logic_1164 1270894585 LB UNISIM PH unisim/VCOMPONENTS 1270894587
AR work/KBRD_PS2/BEHAVIORAL 1314152963 \
      FL E:/VHDL/PROGRAMAS/APRENDIZAJE/__MY__NEXIS2/VGA/VGA16BITS/VHDL/KBRD_PS2.vhd \
      EN work/KBRD_PS2 1314152962 CP BUFG
FL E:/VHDL/PROGRAMAS/APRENDIZAJE/__MY__NEXIS2/VGA/VGA16BITS/VHDL/LETTERS.vhd 2011/08/06.04:58:51 M.53d
PH work/LETTERS 1314152959 \
      FL E:/VHDL/PROGRAMAS/APRENDIZAJE/__MY__NEXIS2/VGA/VGA16BITS/VHDL/LETTERS.vhd \
      PB ieee/std_logic_1164 1270894585
FL E:/VHDL/PROGRAMAS/APRENDIZAJE/__MY__NEXIS2/VGA/VGA16BITS/VHDL/PAQUETE.vhd 2011/08/09.12:32:07 M.53d
PH work/PAQUETE 1314152955 \
      FL E:/VHDL/PROGRAMAS/APRENDIZAJE/__MY__NEXIS2/VGA/VGA16BITS/VHDL/PAQUETE.vhd \
      PB ieee/std_logic_1164 1270894585 CD clkDllCtrl CD USBRECEIVER CD KBRD_PS2 \
      CD WORD2BCD CD BYTE2BCD CD BYTE2BCDALL CD VGADRVR
PB work/PAQUETE 1314152956 \
      FL E:/VHDL/PROGRAMAS/APRENDIZAJE/__MY__NEXIS2/VGA/VGA16BITS/VHDL/PAQUETE.vhd \
      PH work/PAQUETE 1314152955
FL E:/VHDL/PROGRAMAS/APRENDIZAJE/__MY__NEXIS2/VGA/VGA16BITS/VHDL/USB.vhd 2011/08/22.01:56:46 M.53d
EN work/USBRECEIVER 1314152960 \
      FL E:/VHDL/PROGRAMAS/APRENDIZAJE/__MY__NEXIS2/VGA/VGA16BITS/VHDL/USB.vhd \
      PB ieee/std_logic_1164 1270894585 PB ieee/std_logic_arith 1270894586 \
      PB ieee/STD_LOGIC_UNSIGNED 1270894587 PB work/PAQUETE 1314152956
AR work/USBRECEIVER/BEHAVIORAL 1314152961 \
      FL E:/VHDL/PROGRAMAS/APRENDIZAJE/__MY__NEXIS2/VGA/VGA16BITS/VHDL/USB.vhd \
      EN work/USBRECEIVER 1314152960
FL E:/VHDL/PROGRAMAS/APRENDIZAJE/__MY__NEXIS2/VGA/VGA16BITS/VHDL/VGA16BITS.vhd 2011/08/23.16:38:10 M.53d
EN work/VGA16BITS 1314152970 \
      FL E:/VHDL/PROGRAMAS/APRENDIZAJE/__MY__NEXIS2/VGA/VGA16BITS/VHDL/VGA16BITS.vhd \
      LB UNISIM PH unisim/VCOMPONENTS 1270894587 PB ieee/std_logic_1164 1270894585 \
      PB ieee/STD_LOGIC_UNSIGNED 1270894587 PB ieee/std_logic_arith 1270894586 \
      PB ieee/NUMERIC_STD 1270894586 PH work/LETTERS 1314152959 PB work/PAQUETE 1314152956
AR work/VGA16BITS/BEHAVIORAL 1314152971 \
      FL E:/VHDL/PROGRAMAS/APRENDIZAJE/__MY__NEXIS2/VGA/VGA16BITS/VHDL/VGA16BITS.vhd \
      EN work/VGA16BITS 1314152970 CP USBRECEIVER CP KBRD_PS2 CP BYTE2BCD \
      CP BYTE2BCDALL CP VGADRVR
FL E:/VHDL/PROGRAMAS/APRENDIZAJE/__MY__NEXIS2/VGA/VGA16BITS/VHDL/VGADRVR.vhd 2011/08/10.21:36:02 M.53d
EN work/VGADRVR 1314152968 \
      FL E:/VHDL/PROGRAMAS/APRENDIZAJE/__MY__NEXIS2/VGA/VGA16BITS/VHDL/VGADRVR.vhd \
      LB UNISIM PH unisim/VCOMPONENTS 1270894587 PB ieee/std_logic_1164 1270894585 \
      PB ieee/STD_LOGIC_UNSIGNED 1270894587 PB ieee/std_logic_arith 1270894586 \
      PB ieee/NUMERIC_STD 1270894586 PB work/PAQUETE 1314152956
AR work/VGADRVR/BEHAVIORAL 1314152969 \
      FL E:/VHDL/PROGRAMAS/APRENDIZAJE/__MY__NEXIS2/VGA/VGA16BITS/VHDL/VGADRVR.vhd \
      EN work/VGADRVR 1314152968 CP clkDllCtrl CP BUFG
FL E:/VHDL/PROGRAMAS/APRENDIZAJE/__MY__NEXIS2/VGA/VGA16BITS/VHDL/WORD2BCD.vhd 2011/07/21.10:33:22 M.53d
EN work/WORD2BCD 1312517680 \
      FL E:/VHDL/PROGRAMAS/APRENDIZAJE/__MY__NEXIS2/VGA/VGA16BITS/VHDL/WORD2BCD.vhd \
      PB ieee/std_logic_1164 1270894585 PB ieee/STD_LOGIC_UNSIGNED 1270894587 \
      PB ieee/std_logic_arith 1270894586
AR work/WORD2BCD/BEHAVIORAL 1312517681 \
      FL E:/VHDL/PROGRAMAS/APRENDIZAJE/__MY__NEXIS2/VGA/VGA16BITS/VHDL/WORD2BCD.vhd \
      EN work/WORD2BCD 1312517680
FL E:/VHDL/PROGRAMAS/APRENDIZAJE/__MY__NEXIS2/VGA/VGA16BITS/WORD2BCD.vhd 2011/07/21.10:33:22 M.53d
